// Jest Snapshot v1, https://goo.gl/fbAQLP

exports[`failure 1`] = `2`;
